Seq. Update date/time           Trans(N1) Trans(N2)  Centre Tape
   0 2026-05-22 17:18:57.225747 ----      --------          (Initialized)
   1 2026-05-22 17:18:57.225747                             exfor-2025
   2 2026-05-22 21:44:51.241755 3221      20260106   NDS    trans/trans.3221
   3 2026-05-22 21:52:06.517510 C252      20260112   NNDC   trans/trans.c252
   4 2026-05-22 21:53:48.180783 M142      20260115   CDFE   trans/trans.m142
   5 2026-05-22 21:56:19.899333 1524      20260115   NNDC   trans/trans.1524
   6 2026-05-22 21:59:55.034993 F103      20260122   CNPD   trans/trans.f103
   7 2026-05-22 22:03:42.330902 F104      20260126   CNPD   trans/trans.f104
   8 2026-05-22 22:05:31.739593 2322      20260114   NEADB  trans/trans.2322
   9 2026-05-22 22:07:41.040751 O099      20260114   NEADB  trans/trans.o099
  10 2026-05-22 22:13:45.071207 O100      20260114   NEADB  trans/trans.o100
  11 2026-05-22 22:17:11.892148 M143      20260226   CDFE   trans/trans.m143
  12 2026-05-22 22:18:41.766376 E155      20260227   JCPRG  trans/trans.e155
  13 2026-05-22 22:20:45.315595 E156      20260227   JCPRG  trans/trans.e156
  14 2026-05-22 22:22:14.183988 R033      20260227   JCPRG  trans/trans.r033
  15 2026-05-22 22:25:50.268462 M144      20260302   CDFE   trans/trans.m144
  16 2026-05-22 22:29:46.053593 F105      20260305   CNPD   trans/trans.f105
  17 2026-05-22 22:33:27.131845 F106      20260305   CNPD   trans/trans.f106
  18 2026-05-22 22:36:48.869480 F107      20260311   CNPD   trans/trans.f107
  19 2026-05-22 22:39:55.991411 C253      20260312   NNDC   trans/trans.c253
  20 2026-05-22 22:45:25.877195 1525      20260316   NNDC   trans/trans.1525
  21 2026-05-22 22:47:47.458285 1526      20260316   NNDC   trans/trans.1526
  22 2026-05-22 22:52:00.946178 A129      20260317   CNPD   trans/trans.a129
  23 2026-05-22 22:56:51.818433 4226      20260319   CJD    trans/trans.4226
  24 2026-05-22 23:02:27.863663 C254      20260325   NNDC   trans/trans.c254
  25 2026-05-22 23:06:10.627287 A130      20260327   CNPD   trans/trans.a130
  26 2026-05-22 23:11:59.937409 1527      20260327   NNDC   trans/trans.1527
  27 2026-05-22 23:15:37.166924 A131      20260401   CNPD   trans/trans.a131
  28 2026-05-22 23:17:45.176324 4227      20260420   CJD    trans/trans.4227
  29 2026-05-22 23:20:43.591926 C255      20260420   NNDC   trans/trans.c255
  30 2026-05-22 23:23:19.427963 C256      20260420   NNDC   trans/trans.c256
  31 2026-05-22 23:25:13.219329 L057      20260422   NNDC   trans/trans.l057
  32 2026-05-22 23:26:57.104312 L058      20260422   NNDC   trans/trans.l058
  33 2026-05-22 23:29:26.531160 1528      20260508   NNDC   trans/trans.1528
  34 2026-05-22 23:32:06.605491 3222      20260508   NDS    trans/trans.3222
  35 2026-05-22 23:36:02.631849 A132      20260508   CNPD   trans/trans.a132
  36 2026-05-22 23:39:51.239760 A133      20260508   CNPD   trans/trans.a133
  37 2026-05-22 23:49:14.225962 D151      20260508   NDS    trans/trans.d151
  38 2026-05-22 23:51:02.106342 E157      20260508   JCPRG  trans/trans.e157
  39 2026-05-22 23:53:22.936227 E158      20260508   JCPRG  trans/trans.e158
  40 2026-05-22 23:57:44.611701 F108      20260508   CNPD   trans/trans.f108
  41 2026-05-23 00:00:17.758882 G059      20260508   NDS    trans/trans.g059
  42 2026-05-23 00:02:32.288288 K024      20260508   JCPRG  trans/trans.k024
  43 2026-05-23 00:05:25.257520 A134      20260508   CNPD   trans/trans.a134
  44 2026-05-23 00:08:02.272681 4228      20260518   CJD    trans/trans.4228
  45 2026-05-23 00:12:29.692345 C257      20260518   NNDC   trans/trans.c257
  46 2026-05-23 00:15:19.203078 M145      20260518   CDFE   trans/trans.m145
  47 2026-05-24 10:27:39.216695 X001      20260524   adhoc  adhoc/trans.x001
  48 2026-05-28 13:49:48.839187 3223      20260528   NDS    trans/trans.3223
  49 2026-05-28 13:52:46.921986 D152      20260528   NDS    trans/trans.d152
  50 2026-05-28 13:53:20.536624 G060      20260528   NDS    trans/trans.g060
  51 2026-06-18 18:05:03.337023 1529      20260617   NNDC   trans/trans.1529
  52 2026-06-18 18:05:43.315318 L059      20260617   NNDC   trans/trans.l059
  53 2026-06-18 18:06:20.366732 M146      20260617   CDFE   trans/trans.m146
  54 2026-06-29 12:06:48.219129 X002      20260629   adhoc  adhoc/trans.x002
  55 2026-08-19 10:03:28.704052 E159      20260818   JCPRG  trans/trans.e159
  56 2026-08-20 15:49:52.966515 C258      20260819   NNDC   trans/trans.c258
  57 2026-08-24 16:26:10.452394 1530      20260821   NNDC   trans/trans.1530
  58 2026-08-27 09:22:05.511760 2323      20260826   NEADB  trans/trans.2323
